[MORPG dressing] Imported canvas1536x512/PPU100/center pivot verified12/12; layered far/floor6/6
[MORPG transition] zone=0->1 mode=NonDash reason=body clip/renderer unavailable clear=(5.00,0.00) exitLength=2.50
[MORPG transition] zone=1->2 mode=NonDash reason=body clip/renderer unavailable clear=(57.00,0.00) exitLength=2.50
[MORPG dressing] Imported canvas1536x512/PPU100/center pivot verified12/12; layered far/floor6/6
[MORPG dressing] Imported canvas1536x512/PPU100/center pivot verified12/12; layered far/floor6/6
[MORPG transition] zone=0->1 mode=NonDash reason=body clip/renderer unavailable clear=(5.00,0.00) exitLength=2.50
[MORPG transition] zone=1->2 mode=NonDash reason=body clip/renderer unavailable clear=(57.00,0.00) exitLength=2.50
[MORPG dressing] Imported canvas1536x512/PPU100/center pivot verified12/12; layered far/floor6/6
[MORPG dressing] Imported canvas1536x512/PPU100/center pivot verified12/12; layered far/floor6/6
[MORPG dressing] Imported canvas1536x512/PPU100/center pivot verified12/12; layered far/floor6/6
[MORPG dressing] Imported canvas1536x512/PPU100/center pivot verified12/12; layered far/floor6/6
[MORPG dressing] Imported canvas1536x512/PPU100/center pivot verified12/12; layered far/floor6/6
[MORPG dressing] Imported canvas1536x512/PPU100/center pivot verified12/12; layered far/floor6/6
[MORPG dressing] Imported canvas1536x512/PPU100/center pivot verified12/12; layered far/floor6/6
[MORPG dressing] Imported canvas1536x512/PPU100/center pivot verified12/12; layered far/floor6/6
[MORPG dressing] Imported canvas1536x512/PPU100/center pivot verified12/12; layered far/floor6/6
[MORPG transition] zone=0->1 mode=NonDash reason=body clip/renderer unavailable clear=(5.00,0.00) exitLength=2.50
[MORPG transition] zone=1->2 mode=NonDash reason=body clip/renderer unavailable clear=(57.00,0.00) exitLength=2.50
[MORPG dressing] Imported canvas1536x512/PPU100/center pivot verified12/12; layered far/floor6/6
[MORPG transition] zone=0->1 mode=NonDash reason=body clip/renderer unavailable clear=(5.00,0.00) exitLength=2.50
[MORPG transition] zone=1->2 mode=NonDash reason=body clip/renderer unavailable clear=(57.00,0.00) exitLength=2.50
[MORPG dressing] Imported canvas1536x512/PPU100/center pivot verified12/12; layered far/floor6/6
[MORPG transition] zone=0->1 mode=NonDash reason=body clip/renderer unavailable clear=(5.00,0.00) exitLength=2.50
[MORPG transition] zone=1->2 mode=NonDash reason=body clip/renderer unavailable clear=(57.00,0.00) exitLength=2.50
[MORPG dressing] Imported canvas1536x512/PPU100/center pivot verified12/12; layered far/floor6/6
[MORPG transition] zone=0->1 mode=NonDash reason=body clip/renderer unavailable clear=(5.00,0.00) exitLength=2.50
[MORPG transition] zone=1->2 mode=NonDash reason=body clip/renderer unavailable clear=(57.00,0.00) exitLength=2.50
[MORPG dressing] Imported canvas1536x512/PPU100/center pivot verified12/12; layered far/floor6/6
[MORPG transition] zone=0->1 mode=NonDash reason=body clip/renderer unavailable clear=(5.00,0.00) exitLength=2.50
[MORPG transition] zone=1->2 mode=NonDash reason=body clip/renderer unavailable clear=(57.00,0.00) exitLength=2.50
[MORPG dressing] Imported canvas1536x512/PPU100/center pivot verified12/12; layered far/floor6/6
[MORPG transition] zone=0->1 mode=NonDash reason=body clip/renderer unavailable clear=(5.00,0.00) exitLength=2.50
[MORPG transition] zone=1->2 mode=NonDash reason=body clip/renderer unavailable clear=(57.00,0.00) exitLength=2.50
[MORPG dressing] Imported canvas1536x512/PPU100/center pivot verified12/12; layered far/floor6/6
[MORPG transition] zone=0->1 mode=NonDash reason=body clip/renderer unavailable clear=(5.00,0.00) exitLength=2.50
[MORPG transition] zone=1->2 mode=NonDash reason=body clip/renderer unavailable clear=(57.00,0.00) exitLength=2.50
[MORPG dressing] Imported canvas1536x512/PPU100/center pivot verified12/12; layered far/floor6/6
[MORPG dressing] Imported canvas1536x512/PPU100/center pivot verified12/12; layered far/floor6/6
[MORPG dressing] Imported canvas1536x512/PPU100/center pivot verified12/12; layered far/floor6/6
[MORPG dressing] Imported canvas1536x512/PPU100/center pivot verified12/12; layered far/floor6/6
[MORPG dressing] Imported canvas1536x512/PPU100/center pivot verified12/12; layered far/floor6/6
[MORPG dressing] Imported canvas1536x512/PPU100/center pivot verified12/12; layered far/floor6/6
[MORPG dressing] Imported canvas1536x512/PPU100/center pivot verified12/12; layered far/floor6/6
[MORPG dressing] Imported canvas1536x512/PPU100/center pivot verified12/12; layered far/floor6/6
[MORPG transition] zone=0->1 mode=NormalDash reason=none clear=(5.00,0.00) exitLength=2.50
[MORPG dressing] Imported canvas1536x512/PPU100/center pivot verified12/12; layered far/floor6/6
[MORPG transition] zone=0->1 mode=NormalDash reason=none clear=(5.00,0.00) exitLength=2.50
[MORPG transition] zone=1->2 mode=NormalDash reason=none clear=(57.00,0.00) exitLength=2.50
[MORPG dressing] Imported canvas1536x512/PPU100/center pivot verified12/12; layered far/floor6/6
[MORPG transition] zone=0->1 mode=AssistedDash reason=authored dash corridor blocked clear=(5.00,0.00) exitLength=0.00
[MORPG dressing] Imported canvas1536x512/PPU100/center pivot verified12/12; layered far/floor6/6
[MORPG transition] zone=0->1 mode=NormalDash reason=none clear=(5.00,0.00) exitLength=2.50
[MORPG transition assistance] zone=0->1 mode=AssistedDash reason=structural exit obstruction
[MORPG dressing] Imported canvas1536x512/PPU100/center pivot verified12/12; layered far/floor6/6
[MORPG transition] zone=0->1 mode=NormalDash reason=none clear=(5.00,0.00) exitLength=2.50
[MORPG transition assistance] zone=0->1 mode=AssistedDash reason=structural entry obstruction
[MORPG dressing] Imported canvas1536x512/PPU100/center pivot verified12/12; layered far/floor6/6
[MORPG transition] zone=0->1 mode=NormalDash reason=none clear=(5.00,0.00) exitLength=2.50
[MORPG dressing] Imported canvas1536x512/PPU100/center pivot verified12/12; layered far/floor6/6
[MORPG transition] zone=0->1 mode=NonDash reason=reduced motion clear=(5.00,0.00) exitLength=2.50
[MORPG dressing] Imported canvas1536x512/PPU100/center pivot verified12/12; layered far/floor6/6
[MORPG transition] zone=0->1 mode=NonDash reason=body clip/renderer unavailable clear=(5.00,0.00) exitLength=2.50
[MORPG dressing] Imported canvas1536x512/PPU100/center pivot verified12/12; layered far/floor6/6
[MORPG transition] zone=0->1 mode=NormalDash reason=none clear=(5.00,0.00) exitLength=2.50
[MORPG dressing] Imported canvas1536x512/PPU100/center pivot verified12/12; layered far/floor6/6
[MORPG transition] zone=0->1 mode=NormalDash reason=none clear=(5.00,3.00) exitLength=3.91
[MORPG dressing] Imported canvas1536x512/PPU100/center pivot verified12/12; layered far/floor6/6
[MORPG transition] zone=0->1 mode=NormalDash reason=none clear=(15.00,-3.00) exitLength=3.91
[MORPG dressing] Imported canvas1536x512/PPU100/center pivot verified12/12; layered far/floor6/6
[MORPG transition] zone=0->1 mode=NormalDash reason=none clear=(27.00,2.50) exitLength=3.54
[MORPG dressing] Imported canvas1536x512/PPU100/center pivot verified12/12; layered far/floor6/6
[MORPG transition] zone=0->1 mode=NormalDash reason=none clear=(30.00,0.00) exitLength=0.00
[MORPG dressing] Imported canvas1536x512/PPU100/center pivot verified12/12; layered far/floor6/6
[MORPG transition] zone=0->1 mode=NormalDash reason=none clear=(31.00,2.50) exitLength=2.69
[MORPG dressing] Imported canvas1536x512/PPU100/center pivot verified12/12; layered far/floor6/6
[MORPG transition] zone=0->1 mode=NormalDash reason=none clear=(13.00,0.00) exitLength=2.50
[MORPG dressing] Imported canvas1536x512/PPU100/center pivot verified12/12; layered far/floor6/6
[MORPG transition] zone=0->1 mode=NormalDash reason=none clear=(5.00,0.00) exitLength=2.50
[MORPG dressing] Imported canvas1536x512/PPU100/center pivot verified12/12; layered far/floor6/6
[MORPG transition] zone=0->1 mode=NormalDash reason=none clear=(5.00,0.00) exitLength=2.50
[MORPG dressing] Imported canvas1536x512/PPU100/center pivot verified12/12; layered far/floor6/6
[MORPG transition] zone=0->1 mode=AssistedDash reason=motion status remains after wait clear=(5.00,0.00) exitLength=2.50
[MORPG dressing] Imported canvas1536x512/PPU100/center pivot verified12/12; layered far/floor6/6
[MORPG transition] zone=0->1 mode=NormalDash reason=none clear=(5.00,0.00) exitLength=2.50
[MORPG transition assistance] zone=0->1 mode=AssistedDash reason=structural exit obstruction
[MORPG dressing] Imported canvas1536x512/PPU100/center pivot verified12/12; layered far/floor6/6
[MORPG transition] zone=0->1 mode=NormalDash reason=none clear=(5.00,0.00) exitLength=2.50
[MORPG dressing] Imported canvas1536x512/PPU100/center pivot verified12/12; layered far/floor6/6
[MORPG transition] zone=0->1 mode=NonDash reason=body clip/renderer unavailable clear=(5.00,0.00) exitLength=2.50
[MORPG dressing] Imported canvas1536x512/PPU100/center pivot verified12/12; layered far/floor6/6
[MORPG dressing] Imported canvas1536x512/PPU100/center pivot verified12/12; layered far/floor6/6
[MORPG dressing] Imported canvas1536x512/PPU100/center pivot verified12/12; layered far/floor6/6
[MORPG dressing] Imported canvas1536x512/PPU100/center pivot verified12/12; layered far/floor6/6
[MORPG dressing] Imported canvas1536x512/PPU100/center pivot verified12/12; layered far/floor6/6
[MORPG dressing] Imported canvas1536x512/PPU100/center pivot verified12/12; layered far/floor6/6
[MORPG dressing] Imported canvas1536x512/PPU100/center pivot verified12/12; layered far/floor6/6
[MORPG dressing] Imported canvas1536x512/PPU100/center pivot verified12/12; layered far/floor6/6
[MORPG dressing] Imported canvas1536x512/PPU100/center pivot verified12/12; layered far/floor6/6
[MORPG dressing] Imported canvas1536x512/PPU100/center pivot verified12/12; layered far/floor6/6
[MORPG dressing] Imported canvas1536x512/PPU100/center pivot verified12/12; layered far/floor6/6
[MORPG dressing] Imported canvas1536x512/PPU100/center pivot verified12/12; layered far/floor6/6
[MORPG dressing] Imported canvas1536x512/PPU100/center pivot verified12/12; layered far/floor6/6
[MORPG dressing] Imported canvas1536x512/PPU100/center pivot verified12/12; layered far/floor6/6
[MORPG dressing] Imported canvas1536x512/PPU100/center pivot verified12/12; layered far/floor6/6
[MORPG dressing] Imported canvas1536x512/PPU100/center pivot verified12/12; layered far/floor6/6
