PASS axes-all16-opposites-diagonal-normalized
PASS aim-snapshot-clamps-and-rejects-nonfinite
PASS startup-manual-and-idle-is-never-auto
PASS click-tap-keeps-atomic-step-and-stops-next-chain
PASS held-repeat-after-recovery-and-cooldown-without-dedup-error
PASS skill-not-ready-is-rejected-without-late-fire
PASS missing-slot-fails-closed-without-blocking-basic
PASS dash-keyboard-opposite-mouse-wins
PASS dash-zero-keys-last-movement-current-facing-right-fallback
PASS dash-not-ready-keydown-has-no-deferred-execution
PASS basic-press-snapshot-waits-and-each-held-cycle-resamples
PASS all-forced-reasons-clear-and-manual-handback-no-ghost
PASS ui-pause-buffer-clear-and-physical-state-resampled-next-frame
PASS runtime-default-manual-and-NPC-not-bound
PASS runtime-input-reader-shifts-and-slots-clamp
PASS runtime-UI-focus-pause-end-intents-zero
PASS runtime-OnDisable-restores-captured-baselines-and-zero-movement
PASS runtime-reenable-idempotent-manual-first-frame-no-held-ghost
PASS runtime-explicit-auto-only-forced-state-never-AI-authorized
PASS runtime-reenable-clears-stale-auto-authorization-before-Update
PASS runtime-slots-1-2-3-retain-clamped-point-contract
PASS Direction-raw-ray-is-independent-of-ground-bounds
PASS GroundPoint-bounds-and-range-clamp-only
PASS runtime-Self-ignores-invalid-mouse-camera
PASS runtime-unknown-mode-has-no-fire
PASS runtime-Target-busy-input-is-rejected-before-lock
PASS runtime-Target-no-unit-is-fail-closed
PASS runtime-slot-Direction-dispatches-direction-not-position
PASS runtime-invalid-Direction-does-not-become-ground-shot
PASS runtime-SwiftStep-no-camera-uses-keyboard-and-retains-last-move
PASS runtime-Charge-Keyboard-opposite-mouse-no-lock
PASS runtime-unknown-input-source-fails-closed
PASS runtime-Charge-busy-keydown-has-no-late-execution
TRACE cooldown-spam: busy=true held=true pending=0 calls=1 cancelDelta=0
PASS rootfix-cooldown-keydown-keeps-held-basic-current-chain
PASS rootfix-rejected-cooldown-skill-basic-fires-same-tick
PASS rootfix-Fire-false-does-not-clear-basic-press-snapshot
PASS rootfix-spam-does-not-starve-basic-or-queue-charge-after-cooldown
PASS rootfix-only-successful-ready-skill-has-priority
PASS rootfix-runtime-resource-readiness-reject-no-clear-or-motion-stop
PASS rootfix-invalid-skill-reject-basic-held-continues-next-tick
PASS combo-adapter-reads-current-mouse-each-step
PASS combo-adapter-no-camera-WASD-and-exact-last-step-fallback
PASS combo-adapter-cooldown-reject-keeps-existing-provider
PASS combo-provider-immediate-UI-blocks-without-input-read
PASS combo-provider-immediate-pause-blocks-without-input-read
PASS combo-provider-immediate-auto-blocks-without-input-read
PASS combo-provider-immediate-transition-blocks-without-input-read
PASS combo-provider-immediate-disabled-blocks-without-input-read
PASS combo-initial-commit-reuses-one-sample
PASS combo-delayed-first-commit-resamples-current-frame
PASS UI-suspension-cancels-active-generation-before-handback
PASS 51/51 production input/core/control lifecycle tests
