Assets/Scripts/Battle/Morpg/MorpgEnvironmentGeometry.cs(16,88): warning CS0649: Field 'MorpgEnvironmentProfile.Asset.sha256' is never assigned to, and will always have its default value null
Assets/Scripts/Battle/Morpg/MorpgEnvironmentGeometry.cs(22,53): warning CS0649: Field 'MorpgEnvironmentProfile.Zone.cameraClamp' is never assigned to, and will always have its default value null
Assets/Scripts/Battle/Morpg/MorpgEnvironmentGeometry.cs(29,27): warning CS0649: Field 'MorpgEnvironmentProfile.Prop.id' is never assigned to, and will always have its default value null
Assets/Scripts/Battle/Morpg/BattleMorpgZoneRewardContracts.cs(267,68): warning CS0649: Field 'BattleMorpgDefinitionCodec.Header.schemaVersion' is never assigned to, and will always have its default value null
Assets/Scripts/Battle/Morpg/MorpgEnvironmentGeometry.cs(23,79): warning CS0649: Field 'MorpgEnvironmentProfile.Zone.egressRadius' is never assigned to, and will always have its default value 0
Assets/Scripts/Battle/Morpg/MorpgEnvironmentGeometry.cs(30,41): warning CS0649: Field 'MorpgEnvironmentProfile.Prop.visualOrigin' is never assigned to, and will always have its default value null
Assets/Scripts/Battle/Morpg/MorpgEnvironmentGeometry.cs(17,69): warning CS0649: Field 'MorpgEnvironmentProfile.Point.y' is never assigned to, and will always have its default value 0
Assets/Scripts/Battle/Morpg/MorpgEnvironmentGeometry.cs(20,35): warning CS0649: Field 'MorpgEnvironmentProfile.Zone.waveId' is never assigned to, and will always have its default value null
Assets/Scripts/Battle/Morpg/MorpgEnvironmentGeometry.cs(29,43): warning CS0649: Field 'MorpgEnvironmentProfile.Prop.asset' is never assigned to, and will always have its default value null
Assets/Scripts/Battle/Morpg/MorpgEnvironmentGeometry.cs(33,99): warning CS0649: Field 'MorpgEnvironmentProfile.Decoration.origin' is never assigned to, and will always have its default value null
Assets/Scripts/Battle/Morpg/MorpgEnvironmentGeometry.cs(34,97): warning CS0649: Field 'MorpgEnvironmentProfile.Reservation.role' is never assigned to, and will always have its default value null
Assets/Scripts/Battle/Morpg/MorpgEnvironmentGeometry.cs(12,22): warning CS0649: Field 'MorpgEnvironmentProfile.overscan' is never assigned to, and will always have its default value 0
Assets/Scripts/Battle/Morpg/MorpgEnvironmentGeometry.cs(16,68): warning CS0649: Field 'MorpgEnvironmentProfile.Asset.id' is never assigned to, and will always have its default value null
Assets/Scripts/Battle/Morpg/MorpgEnvironmentGeometry.cs(20,101): warning CS0649: Field 'MorpgEnvironmentProfile.Zone.backgroundBindingId' is never assigned to, and will always have its default value null
Assets/Scripts/Battle/Morpg/MorpgEnvironmentGeometry.cs(31,26): warning CS0649: Field 'MorpgEnvironmentProfile.Prop.radius' is never assigned to, and will always have its default value 0
Assets/Scripts/Battle/Morpg/MorpgEnvironmentGeometry.cs(10,38): warning CS0649: Field 'MorpgEnvironmentProfile.contractSha256' is never assigned to, and will always have its default value null
Assets/Scripts/Battle/Morpg/MorpgEnvironmentGeometry.cs(20,53): warning CS0649: Field 'MorpgEnvironmentProfile.Zone.boundaryId' is never assigned to, and will always have its default value null
Assets/Scripts/Battle/Morpg/MorpgEnvironmentGeometry.cs(22,28): warning CS0649: Field 'MorpgEnvironmentProfile.Zone.core' is never assigned to, and will always have its default value null
Assets/Scripts/Battle/Morpg/MorpgEnvironmentGeometry.cs(34,118): warning CS0649: Field 'MorpgEnvironmentProfile.Reservation.position' is never assigned to, and will always have its default value null
Assets/Scripts/Battle/Morpg/MorpgEnvironmentGeometry.cs(16,82): warning CS0649: Field 'MorpgEnvironmentProfile.Asset.guid' is never assigned to, and will always have its default value null
Assets/Scripts/Battle/Morpg/MorpgEnvironmentGeometry.cs(21,28): warning CS0649: Field 'MorpgEnvironmentProfile.Zone.walkable' is never assigned to, and will always have its default value null
Assets/Scripts/Battle/Morpg/MorpgEnvironmentGeometry.cs(23,38): warning CS0649: Field 'MorpgEnvironmentProfile.Zone.actorInset' is never assigned to, and will always have its default value 0
Assets/Scripts/Battle/Morpg/MorpgEnvironmentGeometry.cs(34,89): warning CS0649: Field 'MorpgEnvironmentProfile.Reservation.zoneId' is never assigned to, and will always have its default value null
Assets/Scripts/Battle/Morpg/MorpgEnvironmentGeometry.cs(22,41): warning CS0649: Field 'MorpgEnvironmentProfile.Zone.egressAxis' is never assigned to, and will always have its default value null
Assets/Scripts/Battle/Morpg/MorpgEnvironmentGeometry.cs(34,140): warning CS0649: Field 'MorpgEnvironmentProfile.Reservation.spawnValid' is never assigned to, and will always have its default value false
Assets/Scripts/Battle/Morpg/MorpgEnvironmentGeometry.cs(25,33): warning CS0649: Field 'MorpgEnvironmentProfile.Zone.decorations' is never assigned to, and will always have its default value null
Assets/Scripts/Battle/Morpg/MorpgEnvironmentGeometry.cs(14,23): warning CS0649: Field 'MorpgEnvironmentProfile.zones' is never assigned to, and will always have its default value null
Assets/Scripts/Battle/Morpg/MorpgEnvironmentGeometry.cs(23,65): warning CS0649: Field 'MorpgEnvironmentProfile.Zone.egressLength' is never assigned to, and will always have its default value 0
Assets/Scripts/Battle/Morpg/MorpgEnvironmentGeometry.cs(30,36): warning CS0649: Field 'MorpgEnvironmentProfile.Prop.box' is never assigned to, and will always have its default value null
Assets/Scripts/Battle/Morpg/MorpgEnvironmentGeometry.cs(17,67): warning CS0649: Field 'MorpgEnvironmentProfile.Point.x' is never assigned to, and will always have its default value 0
Assets/Scripts/Battle/Morpg/MorpgEnvironmentGeometry.cs(20,27): warning CS0649: Field 'MorpgEnvironmentProfile.Zone.zoneId' is never assigned to, and will always have its default value null
Assets/Scripts/Battle/Morpg/MorpgEnvironmentGeometry.cs(11,24): warning CS0649: Field 'MorpgEnvironmentProfile.mapBounds' is never assigned to, and will always have its default value null
Assets/Scripts/Battle/Morpg/MorpgEnvironmentGeometry.cs(20,81): warning CS0649: Field 'MorpgEnvironmentProfile.Zone.colliderManifestId' is never assigned to, and will always have its default value null
Assets/Scripts/Battle/Morpg/MorpgEnvironmentGeometry.cs(30,55): warning CS0649: Field 'MorpgEnvironmentProfile.Prop.visualSize' is never assigned to, and will always have its default value null
Assets/Scripts/Battle/Morpg/MorpgEnvironmentGeometry.cs(20,43): warning CS0649: Field 'MorpgEnvironmentProfile.Zone.anchorId' is never assigned to, and will always have its default value null
Assets/Scripts/Battle/Morpg/MorpgEnvironmentGeometry.cs(33,107): warning CS0649: Field 'MorpgEnvironmentProfile.Decoration.size' is never assigned to, and will always have its default value null
Assets/Scripts/Battle/Morpg/MorpgEnvironmentGeometry.cs(13,24): warning CS0649: Field 'MorpgEnvironmentProfile.assets' is never assigned to, and will always have its default value null
Assets/Scripts/Battle/Morpg/MorpgEnvironmentGeometry.cs(20,122): warning CS0649: Field 'MorpgEnvironmentProfile.Zone.reservationAuditRef' is never assigned to, and will always have its default value null
Assets/Scripts/Battle/Morpg/MorpgEnvironmentGeometry.cs(23,26): warning CS0649: Field 'MorpgEnvironmentProfile.Zone.spawnInset' is never assigned to, and will always have its default value 0
Assets/Scripts/Battle/Morpg/MorpgEnvironmentGeometry.cs(29,31): warning CS0649: Field 'MorpgEnvironmentProfile.Prop.colliderId' is never assigned to, and will always have its default value null
Assets/Scripts/Battle/Morpg/MorpgEnvironmentGeometry.cs(34,74): warning CS0649: Field 'MorpgEnvironmentProfile.Reservation.reservationId' is never assigned to, and will always have its default value null
Assets/Scripts/Battle/Morpg/MorpgEnvironmentGeometry.cs(24,27): warning CS0649: Field 'MorpgEnvironmentProfile.Zone.props' is never assigned to, and will always have its default value null
Assets/Scripts/Battle/Morpg/MorpgEnvironmentGeometry.cs(10,23): warning CS0649: Field 'MorpgEnvironmentProfile.schemaVersion' is never assigned to, and will always have its default value null
Assets/Scripts/Battle/Morpg/MorpgEnvironmentGeometry.cs(15,30): warning CS0649: Field 'MorpgEnvironmentProfile.reservations' is never assigned to, and will always have its default value null
Assets/Scripts/Battle/Morpg/MorpgEnvironmentGeometry.cs(23,50): warning CS0649: Field 'MorpgEnvironmentProfile.Zone.landingRadius' is never assigned to, and will always have its default value 0
Assets/Scripts/Battle/Morpg/MorpgEnvironmentGeometry.cs(30,28): warning CS0649: Field 'MorpgEnvironmentProfile.Prop.center' is never assigned to, and will always have its default value null
Assets/Scripts/Battle/Morpg/MorpgEnvironmentGeometry.cs(33,77): warning CS0649: Field 'MorpgEnvironmentProfile.Decoration.asset' is never assigned to, and will always have its default value null
Assets/Scripts/Battle/Morpg/MorpgEnvironmentGeometry.cs(12,32): warning CS0649: Field 'MorpgEnvironmentProfile.minCorridorWidth' is never assigned to, and will always have its default value 0
Assets/Scripts/Battle/Morpg/MorpgEnvironmentGeometry.cs(16,72): warning CS0649: Field 'MorpgEnvironmentProfile.Asset.resource' is never assigned to, and will always have its default value null
Assets/Scripts/Battle/Morpg/MorpgEnvironmentGeometry.cs(10,54): warning CS0649: Field 'MorpgEnvironmentProfile.sourceManifestSha256' is never assigned to, and will always have its default value null
Assets/Scripts/Battle/Morpg/MorpgEnvironmentGeometry.cs(20,65): warning CS0649: Field 'MorpgEnvironmentProfile.Zone.propManifestId' is never assigned to, and will always have its default value null
Assets/Scripts/Battle/Morpg/MorpgEnvironmentGeometry.cs(22,34): warning CS0649: Field 'MorpgEnvironmentProfile.Zone.entry' is never assigned to, and will always have its default value null
Assets/Scripts/Battle/Morpg/MorpgEnvironmentGeometry.cs(33,73): warning CS0649: Field 'MorpgEnvironmentProfile.Decoration.id' is never assigned to, and will always have its default value null
PASS live-exact-gate-preflight-no-mutation
PASS live-19-5-4-warp-reward-dedup-final
PASS live-pause-transition-and-teardown-unlock
PASS live-final-frame-defeat-wins
PASS live-spawn-fault-no-next-wave
PASS live-xp-notification-fault-rolls-back-gold-and-xp
PASS live-owned-projectile-cleanup-preserves-foreign
PASS live-present-death-position-and-arrival-account-HUD-commit
PASS live-pause-and-disabled-HUD-lossless-failover
PASS live-defeat-and-teardown-settle-pending-confirmed-kills
PASS live-HUD-render-exception-fails-over-without-failing-battle
PASS live-presented-28-deaths-settle-before-final-HUD-snapshot
PASS final-pending-arrival-and-duplicate-exactly-once
PASS final-pending-HUD-loss-flush-before-victory
PASS final-pending-scaled-timeout-and-pause
PASS final-pending-defeat-beats-arrival
PASS final-pending-teardown-aborts-and-settles-once
PASS final-real-accounting-mismatch-fails
PASS 18/18 live glue simulations (Unity engine stub)
