Assets/Scripts/Battle/Morpg/MorpgEnvironmentGeometry.cs(21,53): warning CS0649: Field 'MorpgEnvironmentProfile.Zone.boundaryId' is never assigned to, and will always have its default value null
Assets/Scripts/Battle/Morpg/MorpgEnvironmentGeometry.cs(17,82): warning CS0649: Field 'MorpgEnvironmentProfile.Asset.guid' is never assigned to, and will always have its default value null
Assets/Scripts/Battle/Morpg/MorpgEnvironmentGeometry.cs(36,97): warning CS0649: Field 'MorpgEnvironmentProfile.Reservation.role' is never assigned to, and will always have its default value null
Assets/Scripts/Battle/Morpg/MorpgEnvironmentGeometry.cs(16,30): warning CS0649: Field 'MorpgEnvironmentProfile.reservations' is never assigned to, and will always have its default value null
Assets/Scripts/Battle/Morpg/MorpgEnvironmentGeometry.cs(11,24): warning CS0649: Field 'MorpgEnvironmentProfile.mapBounds' is never assigned to, and will always have its default value null
Assets/Scripts/Battle/Morpg/BattleMorpgZoneRewardContracts.cs(267,68): warning CS0649: Field 'BattleMorpgDefinitionCodec.Header.schemaVersion' is never assigned to, and will always have its default value null
Assets/Scripts/Battle/Morpg/MorpgEnvironmentGeometry.cs(21,101): warning CS0649: Field 'MorpgEnvironmentProfile.Zone.backgroundBindingId' is never assigned to, and will always have its default value null
Assets/Scripts/Battle/Morpg/MorpgEnvironmentGeometry.cs(23,41): warning CS0649: Field 'MorpgEnvironmentProfile.Zone.egressAxis' is never assigned to, and will always have its default value null
Assets/Scripts/Battle/Morpg/MorpgEnvironmentGeometry.cs(10,38): warning CS0649: Field 'MorpgEnvironmentProfile.contractSha256' is never assigned to, and will always have its default value null
Assets/Scripts/Battle/Morpg/MorpgEnvironmentGeometry.cs(15,23): warning CS0649: Field 'MorpgEnvironmentProfile.zones' is never assigned to, and will always have its default value null
Assets/Scripts/Battle/Morpg/MorpgEnvironmentGeometry.cs(35,73): warning CS0649: Field 'MorpgEnvironmentProfile.Decoration.id' is never assigned to, and will always have its default value null
Assets/Scripts/Battle/Morpg/MorpgEnvironmentGeometry.cs(35,125): warning CS0649: Field 'MorpgEnvironmentProfile.Decoration.flipX' is never assigned to, and will always have its default value false
Assets/Scripts/Battle/Morpg/MorpgEnvironmentGeometry.cs(31,41): warning CS0649: Field 'MorpgEnvironmentProfile.Prop.visualOrigin' is never assigned to, and will always have its default value null
Assets/Scripts/Battle/Morpg/MorpgEnvironmentGeometry.cs(35,99): warning CS0649: Field 'MorpgEnvironmentProfile.Decoration.origin' is never assigned to, and will always have its default value null
Assets/Scripts/Battle/Morpg/MorpgEnvironmentGeometry.cs(21,43): warning CS0649: Field 'MorpgEnvironmentProfile.Zone.anchorId' is never assigned to, and will always have its default value null
Assets/Scripts/Battle/Morpg/MorpgEnvironmentGeometry.cs(35,145): warning CS0649: Field 'MorpgEnvironmentProfile.Decoration.visualRotation' is never assigned to, and will always have its default value 0
Assets/Scripts/Battle/Morpg/MorpgEnvironmentGeometry.cs(35,77): warning CS0649: Field 'MorpgEnvironmentProfile.Decoration.asset' is never assigned to, and will always have its default value null
Assets/Scripts/Battle/Morpg/MorpgEnvironmentGeometry.cs(21,81): warning CS0649: Field 'MorpgEnvironmentProfile.Zone.colliderManifestId' is never assigned to, and will always have its default value null
Assets/Scripts/Battle/Morpg/MorpgEnvironmentGeometry.cs(18,69): warning CS0649: Field 'MorpgEnvironmentProfile.Point.y' is never assigned to, and will always have its default value 0
Assets/Scripts/Battle/Morpg/MorpgEnvironmentGeometry.cs(24,38): warning CS0649: Field 'MorpgEnvironmentProfile.Zone.actorInset' is never assigned to, and will always have its default value 0
Assets/Scripts/Battle/Morpg/MorpgEnvironmentGeometry.cs(36,118): warning CS0649: Field 'MorpgEnvironmentProfile.Reservation.position' is never assigned to, and will always have its default value null
Assets/Scripts/Battle/Morpg/MorpgEnvironmentGeometry.cs(17,72): warning CS0649: Field 'MorpgEnvironmentProfile.Asset.resource' is never assigned to, and will always have its default value null
Assets/Scripts/Battle/Morpg/MorpgEnvironmentGeometry.cs(36,89): warning CS0649: Field 'MorpgEnvironmentProfile.Reservation.zoneId' is never assigned to, and will always have its default value null
Assets/Scripts/Battle/Morpg/MorpgEnvironmentGeometry.cs(36,140): warning CS0649: Field 'MorpgEnvironmentProfile.Reservation.spawnValid' is never assigned to, and will always have its default value false
Assets/Scripts/Battle/Morpg/MorpgEnvironmentGeometry.cs(23,34): warning CS0649: Field 'MorpgEnvironmentProfile.Zone.entry' is never assigned to, and will always have its default value null
Assets/Scripts/Battle/Morpg/MorpgEnvironmentGeometry.cs(18,67): warning CS0649: Field 'MorpgEnvironmentProfile.Point.x' is never assigned to, and will always have its default value 0
Assets/Scripts/Battle/Morpg/MorpgEnvironmentGeometry.cs(10,23): warning CS0649: Field 'MorpgEnvironmentProfile.schemaVersion' is never assigned to, and will always have its default value null
Assets/Scripts/Battle/Morpg/MorpgEnvironmentGeometry.cs(24,26): warning CS0649: Field 'MorpgEnvironmentProfile.Zone.spawnInset' is never assigned to, and will always have its default value 0
Assets/Scripts/Battle/Morpg/MorpgEnvironmentGeometry.cs(32,34): warning CS0649: Field 'MorpgEnvironmentProfile.Prop.visualRotation' is never assigned to, and will always have its default value 0
Assets/Scripts/Battle/Morpg/MorpgEnvironmentGeometry.cs(31,36): warning CS0649: Field 'MorpgEnvironmentProfile.Prop.box' is never assigned to, and will always have its default value null
Assets/Scripts/Core/Utilities/SortingOrderMono.cs(10,38): warning CS0649: Field 'SortingOrderMono.sortingOffset' is never assigned to, and will always have its default value 0
Assets/Scripts/Battle/Morpg/MorpgEnvironmentGeometry.cs(24,65): warning CS0649: Field 'MorpgEnvironmentProfile.Zone.egressLength' is never assigned to, and will always have its default value 0
Assets/Scripts/Battle/Morpg/MorpgEnvironmentGeometry.cs(21,35): warning CS0649: Field 'MorpgEnvironmentProfile.Zone.waveId' is never assigned to, and will always have its default value null
Assets/Scripts/Battle/Morpg/MorpgEnvironmentGeometry.cs(12,32): warning CS0649: Field 'MorpgEnvironmentProfile.minCorridorWidth' is never assigned to, and will always have its default value 0
Assets/Scripts/Battle/Morpg/MorpgEnvironmentGeometry.cs(30,43): warning CS0649: Field 'MorpgEnvironmentProfile.Prop.asset' is never assigned to, and will always have its default value null
Assets/Scripts/Battle/Morpg/MorpgEnvironmentGeometry.cs(33,25): warning CS0649: Field 'MorpgEnvironmentProfile.Prop.flipX' is never assigned to, and will always have its default value false
Assets/Scripts/Battle/Morpg/MorpgEnvironmentGeometry.cs(21,65): warning CS0649: Field 'MorpgEnvironmentProfile.Zone.propManifestId' is never assigned to, and will always have its default value null
Assets/Scripts/Battle/Morpg/MorpgEnvironmentGeometry.cs(23,28): warning CS0649: Field 'MorpgEnvironmentProfile.Zone.core' is never assigned to, and will always have its default value null
Assets/Scripts/Battle/Morpg/MorpgEnvironmentGeometry.cs(24,79): warning CS0649: Field 'MorpgEnvironmentProfile.Zone.egressRadius' is never assigned to, and will always have its default value 0
Assets/Scripts/Battle/Morpg/MorpgEnvironmentGeometry.cs(31,28): warning CS0649: Field 'MorpgEnvironmentProfile.Prop.center' is never assigned to, and will always have its default value null
Assets/Scripts/Battle/Morpg/MorpgEnvironmentGeometry.cs(21,122): warning CS0649: Field 'MorpgEnvironmentProfile.Zone.reservationAuditRef' is never assigned to, and will always have its default value null
Assets/Scripts/Battle/Morpg/MorpgEnvironmentGeometry.cs(23,53): warning CS0649: Field 'MorpgEnvironmentProfile.Zone.cameraClamp' is never assigned to, and will always have its default value null
Assets/Scripts/Battle/Morpg/MorpgEnvironmentGeometry.cs(31,55): warning CS0649: Field 'MorpgEnvironmentProfile.Prop.visualSize' is never assigned to, and will always have its default value null
Assets/Scripts/Battle/Morpg/MorpgEnvironmentGeometry.cs(25,27): warning CS0649: Field 'MorpgEnvironmentProfile.Zone.props' is never assigned to, and will always have its default value null
Assets/Scripts/Battle/Morpg/MorpgEnvironmentGeometry.cs(30,31): warning CS0649: Field 'MorpgEnvironmentProfile.Prop.colliderId' is never assigned to, and will always have its default value null
Assets/Scripts/Battle/Morpg/MorpgEnvironmentGeometry.cs(17,68): warning CS0649: Field 'MorpgEnvironmentProfile.Asset.id' is never assigned to, and will always have its default value null
Assets/Scripts/Battle/Morpg/MorpgEnvironmentGeometry.cs(36,74): warning CS0649: Field 'MorpgEnvironmentProfile.Reservation.reservationId' is never assigned to, and will always have its default value null
Assets/Scripts/Battle/Morpg/MorpgEnvironmentGeometry.cs(35,107): warning CS0649: Field 'MorpgEnvironmentProfile.Decoration.size' is never assigned to, and will always have its default value null
Assets/Scripts/Battle/Morpg/MorpgEnvironmentGeometry.cs(22,28): warning CS0649: Field 'MorpgEnvironmentProfile.Zone.walkable' is never assigned to, and will always have its default value null
Assets/Scripts/Battle/Morpg/MorpgEnvironmentGeometry.cs(30,27): warning CS0649: Field 'MorpgEnvironmentProfile.Prop.id' is never assigned to, and will always have its default value null
Assets/Scripts/Battle/Morpg/MorpgEnvironmentGeometry.cs(17,88): warning CS0649: Field 'MorpgEnvironmentProfile.Asset.sha256' is never assigned to, and will always have its default value null
Assets/Scripts/Battle/Morpg/MorpgEnvironmentGeometry.cs(26,33): warning CS0649: Field 'MorpgEnvironmentProfile.Zone.decorations' is never assigned to, and will always have its default value null
Assets/Scripts/Battle/Morpg/MorpgEnvironmentGeometry.cs(32,26): warning CS0649: Field 'MorpgEnvironmentProfile.Prop.radius' is never assigned to, and will always have its default value 0
Assets/Scripts/Battle/Morpg/MorpgEnvironmentGeometry.cs(10,54): warning CS0649: Field 'MorpgEnvironmentProfile.sourceManifestSha256' is never assigned to, and will always have its default value null
Assets/Scripts/Battle/Morpg/MorpgEnvironmentGeometry.cs(24,50): warning CS0649: Field 'MorpgEnvironmentProfile.Zone.landingRadius' is never assigned to, and will always have its default value 0
Assets/Scripts/Battle/Morpg/MorpgEnvironmentGeometry.cs(21,27): warning CS0649: Field 'MorpgEnvironmentProfile.Zone.zoneId' is never assigned to, and will always have its default value null
Assets/Scripts/Battle/Morpg/MorpgEnvironmentGeometry.cs(17,111): warning CS0649: Field 'MorpgEnvironmentProfile.Asset.opaqueRect' is never assigned to, and will always have its default value null
Assets/Scripts/Battle/Morpg/MorpgEnvironmentGeometry.cs(12,22): warning CS0649: Field 'MorpgEnvironmentProfile.overscan' is never assigned to, and will always have its default value 0
Assets/Scripts/Battle/Morpg/MorpgEnvironmentGeometry.cs(14,24): warning CS0649: Field 'MorpgEnvironmentProfile.assets' is never assigned to, and will always have its default value null
PASS live-exact-gate-preflight-no-mutation
PASS live-19-5-4-warp-reward-dedup-final
PASS live-pause-transition-and-teardown-unlock
PASS live-final-frame-defeat-wins
PASS live-spawn-fault-no-next-wave
PASS live-xp-notification-fault-rolls-back-gold-and-xp
PASS live-owned-projectile-cleanup-preserves-foreign
PASS live-present-death-position-and-arrival-account-HUD-commit
PASS live-pause-and-disabled-HUD-lossless-failover
PASS live-defeat-and-teardown-settle-pending-confirmed-kills
PASS live-HUD-render-exception-fails-over-without-failing-battle
PASS live-presented-28-deaths-settle-before-final-HUD-snapshot
PASS final-pending-arrival-and-duplicate-exactly-once
PASS final-pending-HUD-loss-flush-before-victory
PASS final-pending-scaled-timeout-and-pause
PASS final-pending-defeat-beats-arrival
PASS final-pending-teardown-aborts-and-settles-once
PASS final-real-accounting-mismatch-fails
PASS environment-real-runtime-roots-and-collider-inventory
PASS environment-destination-enable-before-source-disable
PASS environment-missing-sprite-preflight-no-scene-mutation
PASS environment-partial-activation-cleans-before-fallback
PASS environment-camera-frame-and-restoration
PASS sorting-background-props-player-NPC-foreground-telegraph-HUD
PASS sorting-foreground-fades-prop-only-and-restores
PASS sorting-pool-disable-dispose-and-foreign-actor-preserve-legacy
PASS 26/26 live glue simulations (Unity engine stub)
