Assets/Scripts/Battle/Morpg/BattleMorpgZoneRewardContracts.cs(267,68): warning CS0649: Field 'BattleMorpgDefinitionCodec.Header.schemaVersion' is never assigned to, and will always have its default value null
PASS strict-roundtrip
PASS version-migration-unknown
PASS callbacks-reordered-deduped
PASS atomic-gold-xp-rollback
PASS checkpoint-new-attempt
PASS outcome-clear-wave-transition-cas
PASS strict-addendum-digest-reorder-tamper
PASS p1-internal-static-boundary
PASS p1-preactivation-fallback-producer-addendum-route
PASS p1-handle-generation-stale-snapshot-root-callbacks
PASS p1-source-only-cleanup-kinds-identity-prepare
PASS p1-registry-prepare-fault-and-owned-disposal-recovery
PASS p1-zone19-5-4-pause-wave3-outcome-once-trace
PASS p1-token-foreign-released-duplicate-mutation0
PASS p1-fault-acquire
PASS p1-fault-prepare
PASS p1-fault-cleanup-prepare
PASS p1-fault-commit-before
PASS p1-fault-cleanup
PASS p1-fault-old-boundary
PASS p1-fault-player
PASS p1-fault-camera
PASS p1-fault-new-boundary
PASS p1-fault-cache
PASS p1-fault-release
PASS p1-abort-defeat-teardown-every-phase-new-attempt
PASS p1-spawn-reward-failure-clear-ineligible
PASS 27/27 deterministicTraceSha256=19c159bebac2905bc8afa1213e3ed9c5331154d845c1ffedfd45c51105f7f355
