PASS axes-all16-opposites-diagonal-normalized
PASS aim-snapshot-clamps-and-rejects-nonfinite
PASS startup-manual-and-idle-is-never-auto
PASS click-tap-keeps-atomic-step-and-stops-next-chain
PASS held-repeat-after-recovery-and-cooldown-without-dedup-error
PASS skills-pending-point-is-snapshot-latest-mouse-does-not-follow
PASS missing-slot-fails-closed-without-blocking-basic
PASS dash-keyboard-opposite-mouse-wins
PASS dash-zero-keys-last-movement-current-facing-right-fallback
PASS dash-keyboard-snapshot-survives-mouse-caster-readiness-change
PASS basic-press-snapshot-waits-and-each-held-cycle-resamples
PASS all-forced-reasons-clear-and-manual-handback-no-ghost
PASS ui-pause-buffer-clear-and-physical-state-resampled-next-frame
PASS runtime-default-manual-and-NPC-not-bound
PASS runtime-input-reader-shifts-and-slots-clamp
PASS runtime-UI-focus-pause-end-intents-zero
PASS runtime-OnDisable-restores-captured-baselines-and-zero-movement
PASS runtime-reenable-idempotent-manual-first-frame-no-held-ghost
PASS runtime-explicit-auto-only-forced-state-never-AI-authorized
PASS runtime-reenable-clears-stale-auto-authorization-before-Update
PASS runtime-slots-1-2-3-retain-clamped-point-contract
PASS Direction-raw-ray-is-independent-of-ground-bounds
PASS GroundPoint-bounds-and-range-clamp-only
PASS runtime-Self-ignores-invalid-mouse-camera
PASS runtime-unknown-mode-has-no-fire
PASS runtime-Target-lock-is-keydown-snapshot-through-wait
PASS runtime-Target-no-unit-is-fail-closed
PASS runtime-slot-Direction-dispatches-direction-not-position
PASS runtime-invalid-Direction-does-not-become-ground-shot
PASS runtime-SwiftStep-no-camera-uses-keyboard-and-retains-last-move
PASS runtime-Charge-Direction-mouse-opposite-keyboard-no-lock
PASS runtime-unknown-input-source-fails-closed
PASS runtime-Charge-keydown-direction-is-immutable-through-wait
PASS 33/33 production input/core/control lifecycle tests
