Assets/Scripts/Battle/Morpg/MorpgEnvironmentGeometry.cs(23,34): warning CS0649: Field 'MorpgEnvironmentProfile.Zone.entry' is never assigned to, and will always have its default value null
Assets/Scripts/Battle/Morpg/MorpgEnvironmentGeometry.cs(21,122): warning CS0649: Field 'MorpgEnvironmentProfile.Zone.reservationAuditRef' is never assigned to, and will always have its default value null
Assets/Scripts/Battle/Morpg/MorpgEnvironmentGeometry.cs(37,73): warning CS0649: Field 'MorpgEnvironmentProfile.Decoration.id' is never assigned to, and will always have its default value null
Assets/Scripts/Battle/Morpg/MorpgWaveDressing.cs(17,34): warning CS0649: Field 'MorpgWaveDressing.Asset.rect' is never assigned to, and will always have its default value null
Assets/Scripts/Battle/Morpg/MorpgEnvironmentGeometry.cs(34,26): warning CS0649: Field 'MorpgEnvironmentProfile.Prop.radius' is never assigned to, and will always have its default value 0
Assets/Scripts/Battle/Morpg/MorpgEnvironmentGeometry.cs(14,24): warning CS0649: Field 'MorpgEnvironmentProfile.assets' is never assigned to, and will always have its default value null
Assets/Scripts/Battle/Morpg/MorpgEnvironmentGeometry.cs(32,43): warning CS0649: Field 'MorpgEnvironmentProfile.Prop.asset' is never assigned to, and will always have its default value null
Assets/Scripts/Battle/Morpg/MorpgEnvironmentGeometry.cs(38,140): warning CS0649: Field 'MorpgEnvironmentProfile.Reservation.spawnValid' is never assigned to, and will always have its default value false
Assets/Scripts/Battle/Morpg/MorpgEnvironmentGeometry.cs(17,88): warning CS0649: Field 'MorpgEnvironmentProfile.Asset.sha256' is never assigned to, and will always have its default value null
Assets/Scripts/Battle/Morpg/MorpgEnvironmentGeometry.cs(21,35): warning CS0649: Field 'MorpgEnvironmentProfile.Zone.waveId' is never assigned to, and will always have its default value null
Assets/Scripts/Battle/Morpg/MorpgEnvironmentGeometry.cs(25,38): warning CS0649: Field 'MorpgEnvironmentProfile.Zone.actorInset' is never assigned to, and will always have its default value 0
Assets/Scripts/Battle/Morpg/MorpgEnvironmentGeometry.cs(17,82): warning CS0649: Field 'MorpgEnvironmentProfile.Asset.guid' is never assigned to, and will always have its default value null
Assets/Scripts/Battle/Morpg/MorpgEnvironmentGeometry.cs(10,54): warning CS0649: Field 'MorpgEnvironmentProfile.sourceManifestSha256' is never assigned to, and will always have its default value null
Assets/Scripts/Battle/Morpg/MorpgEnvironmentGeometry.cs(25,50): warning CS0649: Field 'MorpgEnvironmentProfile.Zone.landingRadius' is never assigned to, and will always have its default value 0
Assets/Scripts/Battle/Morpg/MorpgEnvironmentGeometry.cs(38,89): warning CS0649: Field 'MorpgEnvironmentProfile.Reservation.zoneId' is never assigned to, and will always have its default value null
Assets/Scripts/Battle/Morpg/MorpgWaveDressing.cs(16,44): warning CS0649: Field 'MorpgWaveDressing.Asset.guid' is never assigned to, and will always have its default value null
Assets/Scripts/Battle/Morpg/MorpgWaveDressing.cs(18,24): warning CS0649: Field 'MorpgWaveDressing.Asset.sortingOrder' is never assigned to, and will always have its default value 0
Assets/Scripts/Battle/Morpg/MorpgEnvironmentGeometry.cs(24,44): warning CS0649: Field 'MorpgEnvironmentProfile.Zone.transitionStaging' is never assigned to, and will always have its default value null
Assets/Scripts/Battle/Morpg/MorpgEnvironmentGeometry.cs(23,28): warning CS0649: Field 'MorpgEnvironmentProfile.Zone.core' is never assigned to, and will always have its default value null
Assets/Scripts/Battle/Morpg/MorpgEnvironmentGeometry.cs(21,101): warning CS0649: Field 'MorpgEnvironmentProfile.Zone.backgroundBindingId' is never assigned to, and will always have its default value null
Assets/Scripts/Battle/Morpg/MorpgEnvironmentGeometry.cs(33,55): warning CS0649: Field 'MorpgEnvironmentProfile.Prop.visualSize' is never assigned to, and will always have its default value null
Assets/Scripts/Battle/Morpg/MorpgEnvironmentGeometry.cs(21,81): warning CS0649: Field 'MorpgEnvironmentProfile.Zone.colliderManifestId' is never assigned to, and will always have its default value null
Assets/Scripts/Battle/Morpg/MorpgWaveDressing.cs(17,28): warning CS0649: Field 'MorpgWaveDressing.Asset.pivot' is never assigned to, and will always have its default value null
Assets/Scripts/Battle/Morpg/MorpgEnvironmentGeometry.cs(16,30): warning CS0649: Field 'MorpgEnvironmentProfile.reservations' is never assigned to, and will always have its default value null
Assets/Scripts/Battle/Morpg/MorpgWaveDressing.cs(16,27): warning CS0649: Field 'MorpgWaveDressing.Asset.id' is never assigned to, and will always have its default value null
Assets/Scripts/Battle/Morpg/MorpgWaveDressing.cs(19,36): warning CS0649: Field 'MorpgWaveDressing.Asset.colliderRects' is never assigned to, and will always have its default value null
Assets/Scripts/Battle/Morpg/MorpgWaveDressing.cs(10,62): warning CS0649: Field 'MorpgWaveDressing.barrierManifestSha256' is never assigned to, and will always have its default value null
Assets/Scripts/Battle/Morpg/MorpgEnvironmentGeometry.cs(32,31): warning CS0649: Field 'MorpgEnvironmentProfile.Prop.colliderId' is never assigned to, and will always have its default value null
Assets/Scripts/Battle/Morpg/MorpgEnvironmentGeometry.cs(35,25): warning CS0649: Field 'MorpgEnvironmentProfile.Prop.flipX' is never assigned to, and will always have its default value false
Assets/Scripts/Battle/Morpg/MorpgWaveDressing.cs(13,67): warning CS0649: Field 'MorpgWaveDressing.Wave.zoneId' is never assigned to, and will always have its default value null
Assets/Scripts/Battle/Morpg/BattleMorpgZoneRewardContracts.cs(267,68): warning CS0649: Field 'BattleMorpgDefinitionCodec.Header.schemaVersion' is never assigned to, and will always have its default value null
Assets/Scripts/Battle/Morpg/MorpgEnvironmentGeometry.cs(12,32): warning CS0649: Field 'MorpgEnvironmentProfile.minCorridorWidth' is never assigned to, and will always have its default value 0
Assets/Scripts/Battle/Morpg/MorpgEnvironmentGeometry.cs(18,69): warning CS0649: Field 'MorpgEnvironmentProfile.Point.y' is never assigned to, and will always have its default value 0
Assets/Scripts/Battle/Morpg/MorpgEnvironmentGeometry.cs(21,27): warning CS0649: Field 'MorpgEnvironmentProfile.Zone.zoneId' is never assigned to, and will always have its default value null
Assets/Scripts/Battle/Morpg/MorpgEnvironmentGeometry.cs(25,26): warning CS0649: Field 'MorpgEnvironmentProfile.Zone.spawnInset' is never assigned to, and will always have its default value 0
Assets/Scripts/Battle/Morpg/MorpgEnvironmentGeometry.cs(17,72): warning CS0649: Field 'MorpgEnvironmentProfile.Asset.resource' is never assigned to, and will always have its default value null
Assets/Scripts/Battle/Morpg/MorpgEnvironmentGeometry.cs(37,145): warning CS0649: Field 'MorpgEnvironmentProfile.Decoration.visualRotation' is never assigned to, and will always have its default value 0
Assets/Scripts/Battle/Morpg/MorpgEnvironmentGeometry.cs(37,107): warning CS0649: Field 'MorpgEnvironmentProfile.Decoration.size' is never assigned to, and will always have its default value null
Assets/Scripts/Battle/Morpg/MorpgEnvironmentGeometry.cs(22,28): warning CS0649: Field 'MorpgEnvironmentProfile.Zone.walkable' is never assigned to, and will always have its default value null
Assets/Scripts/Battle/Morpg/MorpgEnvironmentGeometry.cs(38,74): warning CS0649: Field 'MorpgEnvironmentProfile.Reservation.reservationId' is never assigned to, and will always have its default value null
Assets/Scripts/Battle/Morpg/MorpgWaveDressing.cs(16,35): warning CS0649: Field 'MorpgWaveDressing.Asset.resource' is never assigned to, and will always have its default value null
Assets/Scripts/Core/Utilities/SortingOrderMono.cs(10,38): warning CS0649: Field 'SortingOrderMono.sortingOffset' is never assigned to, and will always have its default value 0
Assets/Scripts/Battle/Morpg/MorpgWaveDressing.cs(16,30): warning CS0649: Field 'MorpgWaveDressing.Asset.kind' is never assigned to, and will always have its default value null
Assets/Scripts/Battle/Morpg/MorpgEnvironmentGeometry.cs(33,41): warning CS0649: Field 'MorpgEnvironmentProfile.Prop.visualOrigin' is never assigned to, and will always have its default value null
Assets/Scripts/Battle/Morpg/MorpgEnvironmentGeometry.cs(21,65): warning CS0649: Field 'MorpgEnvironmentProfile.Zone.propManifestId' is never assigned to, and will always have its default value null
Assets/Scripts/Battle/Morpg/MorpgEnvironmentGeometry.cs(33,36): warning CS0649: Field 'MorpgEnvironmentProfile.Prop.box' is never assigned to, and will always have its default value null
Assets/Scripts/Battle/Morpg/MorpgEnvironmentGeometry.cs(38,118): warning CS0649: Field 'MorpgEnvironmentProfile.Reservation.position' is never assigned to, and will always have its default value null
Assets/Scripts/Battle/Morpg/MorpgWaveDressing.cs(10,37): warning CS0649: Field 'MorpgWaveDressing.backgroundManifestSha256' is never assigned to, and will always have its default value null
Assets/Scripts/Battle/Morpg/MorpgEnvironmentGeometry.cs(32,27): warning CS0649: Field 'MorpgEnvironmentProfile.Prop.id' is never assigned to, and will always have its default value null
Assets/Scripts/Battle/Morpg/MorpgEnvironmentGeometry.cs(17,111): warning CS0649: Field 'MorpgEnvironmentProfile.Asset.opaqueRect' is never assigned to, and will always have its default value null
Assets/Scripts/Battle/Morpg/MorpgWaveDressing.cs(10,23): warning CS0649: Field 'MorpgWaveDressing.schemaVersion' is never assigned to, and will always have its default value null
Assets/Scripts/Battle/Morpg/MorpgEnvironmentGeometry.cs(23,53): warning CS0649: Field 'MorpgEnvironmentProfile.Zone.cameraClamp' is never assigned to, and will always have its default value null
Assets/Scripts/Battle/Morpg/MorpgEnvironmentGeometry.cs(11,24): warning CS0649: Field 'MorpgEnvironmentProfile.mapBounds' is never assigned to, and will always have its default value null
Assets/Scripts/Battle/Morpg/MorpgEnvironmentGeometry.cs(12,22): warning CS0649: Field 'MorpgEnvironmentProfile.overscan' is never assigned to, and will always have its default value 0
Assets/Scripts/Battle/Morpg/MorpgEnvironmentGeometry.cs(18,67): warning CS0649: Field 'MorpgEnvironmentProfile.Point.x' is never assigned to, and will always have its default value 0
Assets/Scripts/Battle/Morpg/MorpgEnvironmentGeometry.cs(17,68): warning CS0649: Field 'MorpgEnvironmentProfile.Asset.id' is never assigned to, and will always have its default value null
Assets/Scripts/Battle/Morpg/MorpgEnvironmentGeometry.cs(37,77): warning CS0649: Field 'MorpgEnvironmentProfile.Decoration.asset' is never assigned to, and will always have its default value null
Assets/Scripts/Battle/Morpg/MorpgEnvironmentGeometry.cs(37,99): warning CS0649: Field 'MorpgEnvironmentProfile.Decoration.origin' is never assigned to, and will always have its default value null
Assets/Scripts/Battle/Morpg/MorpgWaveDressing.cs(17,39): warning CS0649: Field 'MorpgWaveDressing.Asset.alphaRect' is never assigned to, and will always have its default value null
Assets/Scripts/Battle/Morpg/MorpgEnvironmentGeometry.cs(10,38): warning CS0649: Field 'MorpgEnvironmentProfile.contractSha256' is never assigned to, and will always have its default value null
Assets/Scripts/Battle/Morpg/MorpgWaveDressing.cs(22,77): warning CS0649: Field 'MorpgWaveDressing.ColliderPatch.rect' is never assigned to, and will always have its default value null
Assets/Scripts/Battle/Morpg/MorpgEnvironmentGeometry.cs(10,23): warning CS0649: Field 'MorpgEnvironmentProfile.schemaVersion' is never assigned to, and will always have its default value null
Assets/Scripts/Battle/Morpg/MorpgEnvironmentGeometry.cs(15,23): warning CS0649: Field 'MorpgEnvironmentProfile.zones' is never assigned to, and will always have its default value null
Assets/Scripts/Battle/Morpg/MorpgEnvironmentGeometry.cs(21,53): warning CS0649: Field 'MorpgEnvironmentProfile.Zone.boundaryId' is never assigned to, and will always have its default value null
Assets/Scripts/Battle/Morpg/MorpgWaveDressing.cs(11,23): warning CS0649: Field 'MorpgWaveDressing.waves' is never assigned to, and will always have its default value null
Assets/Scripts/Battle/Morpg/MorpgEnvironmentGeometry.cs(33,28): warning CS0649: Field 'MorpgEnvironmentProfile.Prop.center' is never assigned to, and will always have its default value null
Assets/Scripts/Battle/Morpg/MorpgEnvironmentGeometry.cs(38,97): warning CS0649: Field 'MorpgEnvironmentProfile.Reservation.role' is never assigned to, and will always have its default value null
Assets/Scripts/Battle/Morpg/MorpgEnvironmentGeometry.cs(21,43): warning CS0649: Field 'MorpgEnvironmentProfile.Zone.anchorId' is never assigned to, and will always have its default value null
Assets/Scripts/Battle/Morpg/MorpgEnvironmentGeometry.cs(34,34): warning CS0649: Field 'MorpgEnvironmentProfile.Prop.visualRotation' is never assigned to, and will always have its default value 0
Assets/Scripts/Battle/Morpg/MorpgEnvironmentGeometry.cs(27,33): warning CS0649: Field 'MorpgEnvironmentProfile.Zone.decorations' is never assigned to, and will always have its default value null
Assets/Scripts/Battle/Morpg/MorpgEnvironmentGeometry.cs(25,79): warning CS0649: Field 'MorpgEnvironmentProfile.Zone.egressRadius' is never assigned to, and will always have its default value 0
Assets/Scripts/Battle/Morpg/MorpgWaveDressing.cs(13,89): warning CS0649: Field 'MorpgWaveDressing.Wave.assets' is never assigned to, and will always have its default value null
Assets/Scripts/Battle/Morpg/MorpgEnvironmentGeometry.cs(25,65): warning CS0649: Field 'MorpgEnvironmentProfile.Zone.egressLength' is never assigned to, and will always have its default value 0
Assets/Scripts/Battle/Morpg/MorpgWaveDressing.cs(16,49): warning CS0649: Field 'MorpgWaveDressing.Asset.sha256' is never assigned to, and will always have its default value null
Assets/Scripts/Battle/Morpg/MorpgEnvironmentGeometry.cs(23,41): warning CS0649: Field 'MorpgEnvironmentProfile.Zone.egressAxis' is never assigned to, and will always have its default value null
Assets/Scripts/Battle/Morpg/MorpgEnvironmentGeometry.cs(37,125): warning CS0649: Field 'MorpgEnvironmentProfile.Decoration.flipX' is never assigned to, and will always have its default value false
PASS live-exact-gate-preflight-no-mutation
PASS live-19-5-4-warp-reward-dedup-final
PASS live-pause-transition-and-teardown-unlock
PASS live-final-frame-defeat-wins
PASS live-spawn-fault-no-next-wave
PASS live-xp-notification-fault-rolls-back-gold-and-xp
PASS live-owned-projectile-cleanup-preserves-foreign
PASS live-present-death-position-and-arrival-account-HUD-commit
PASS live-pause-and-disabled-HUD-lossless-failover
PASS live-defeat-and-teardown-settle-pending-confirmed-kills
PASS live-HUD-render-exception-fails-over-without-failing-battle
PASS live-presented-28-deaths-settle-before-final-HUD-snapshot
PASS final-pending-arrival-and-duplicate-exactly-once
PASS final-pending-HUD-loss-flush-before-victory
PASS final-pending-scaled-timeout-and-pause
PASS final-pending-defeat-beats-arrival
PASS final-pending-teardown-aborts-and-settles-once
PASS final-real-accounting-mismatch-fails
PASS environment-real-runtime-roots-and-collider-inventory
PASS environment-destination-enable-before-source-disable
PASS environment-missing-sprite-preflight-no-scene-mutation
PASS environment-partial-activation-cleans-before-fallback
PASS environment-camera-frame-and-restoration
PASS sorting-background-props-player-NPC-foreground-telegraph-HUD
PASS sorting-foreground-fades-prop-only-and-restores
PASS sorting-pool-disable-dispose-and-foreign-actor-preserve-legacy
PASS dash-normal-body-exit-hidden-cut-entry-settle-wave
PASS installed-both-dash-transitions-camera-and-wave-order
PASS dash-missing-runtime-anchor-safe-fallback
PASS dash-dynamic-exit-obstruction-enters-obscured-fallback
PASS dash-entry-obstruction-falls-back-without-second-cut
PASS dash-abort-after-cut-restores-body-camera-input-once
PASS dash-reduced-motion-and-missing-clip-never-play-body
PASS dash-blocked-landing-fails-before-cut-and-restores
AUDIT 1762 legal clear positions swept
PASS dash-planner-all-legal-half-unit-grid-starts
PASS dash-top-bottom-center-right-edge-normal-visible-fade
PASS dash-cleared-NPC-and-projectile-colliders-do-not-obstruct
PASS dash-CC-and-body-owner-retain-assisted-pose-without-state-mutation
PASS dash-structural-assistance-one-way-keeps-pose-and-diagnostic
PASS dash-renderer-not-animation-manager-defines-visual-availability
PASS wave-dressing-exact3-background-exact6-barrier-sorting-and-paths
PASS wave-dressing-any-of9-missing-fails-before-scene-mutation
PASS wave-dressing-unknown-field-sorting-and-invasive-collider-rejected
PASS viewport-debug-off-gate-removes-interior-renderers-colliders-and-virtual-blocks
AUDIT production true: props17/decor54, structural colliders8/4/5; all17 prop centers blocked
PASS viewport-production-default-restores17-props54-decor-and-colliders
PASS viewport-extents-side-limits-and-no-background-void-all-zones
PASS viewport-alpha-bbox-inner-and-side-edges-match-outer-zone
PASS viewport-imported-pivot-rejected-and-tight-bounds-cannot-rescale-canvas
PASS legacy-background-normal1-success0-and-dispose-restores
PASS legacy-background-test-path-after-activation-hidden-and-restored
PASS legacy-background-dressing-failure-remains-visible
PASS legacy-background-owner-isolation-baseline-and-callsite-wiring
PASS center-pivot-canvas-PPU-strict-for-every-wave-slot
PASS center-pivot-failure-legacy1-then-success-wave1-and-barriers2-legacy0
PASS 54/54 live glue simulations (Unity engine stub)
