Assets/Scripts/Ability/Skills/Runtime/DTO/move/WarpProjectileMoveDto.cs(8,24): warning CS0108: 'WarpProjectileMoveDto.targetPosition' hides inherited member 'SkillMoveRuntimeDto.targetPosition'. Use the new keyword if hiding was intended.
Assets/Scripts/Ability/Skills/Tests/SkillTestMono.cs(40,34): warning CS0618: 'Object.FindObjectOfType<T>()' is obsolete: 'Object.FindObjectOfType has been deprecated. Use Object.FindFirstObjectByType instead or if finding any instance is acceptable the faster Object.FindAnyObjectByType'
Assets/Scripts/Ability/Skills/UI/UIEquipmentUpgradeMono.cs(96,13): warning CS0618: 'Object.FindObjectsOfType<T>(bool)' is obsolete: 'Object.FindObjectsOfType has been deprecated. Use Object.FindObjectsByType instead which lets you decide whether you need the results sorted or not.  FindObjectsOfType sorts the results by InstanceID but if you do not need this using FindObjectSortMode.None is considerably faster.'
Assets/Scripts/Actor/NPC/NpcPathing.cs(447,21): warning CS0618: 'Physics2D.OverlapCircleNonAlloc(Vector2, float, Collider2D[])' is obsolete: 'OverlapCircleNonAlloc has been deprecated. Please use OverlapCircle.'
Assets/Scripts/Actor/Party/SkillBrainMono.cs(75,23): warning CS0618: 'Object.FindObjectOfType<T>()' is obsolete: 'Object.FindObjectOfType has been deprecated. Use Object.FindFirstObjectByType instead or if finding any instance is acceptable the faster Object.FindAnyObjectByType'
Assets/Scripts/Battle/Spawn/Sequence/BattleSpawnAnchorRegistry.cs(27,44): warning CS0618: 'Object.FindObjectsOfType<T>()' is obsolete: 'Object.FindObjectsOfType has been deprecated. Use Object.FindObjectsByType instead which lets you decide whether you need the results sorted or not.  FindObjectsOfType sorts the results by InstanceID but if you do not need this using FindObjectSortMode.None is considerably faster.'
Assets/Scripts/Battle/Spawn/Sequence/SpawnCoordinateUtility.cs(129,25): warning CS0618: 'Object.FindObjectOfType<T>()' is obsolete: 'Object.FindObjectOfType has been deprecated. Use Object.FindFirstObjectByType instead or if finding any instance is acceptable the faster Object.FindAnyObjectByType'
Assets/Scripts/Battle/Core/BattleManager.cs(597,17): warning CS0618: 'Object.FindObjectOfType<T>(bool)' is obsolete: 'Object.FindObjectOfType has been deprecated. Use Object.FindFirstObjectByType instead or if finding any instance is acceptable the faster Object.FindAnyObjectByType'
Assets/Scripts/_machal/UIComponent/Test/TestUIDataResolver.cs(24,50): warning CS0618: 'Object.FindObjectOfType<T>()' is obsolete: 'Object.FindObjectOfType has been deprecated. Use Object.FindFirstObjectByType instead or if finding any instance is acceptable the faster Object.FindAnyObjectByType'
Assets/Scripts/_machal/UIComponent/Test/TestUIDataResolver.cs(25,56): warning CS0618: 'Object.FindObjectOfType<T>()' is obsolete: 'Object.FindObjectOfType has been deprecated. Use Object.FindFirstObjectByType instead or if finding any instance is acceptable the faster Object.FindAnyObjectByType'
Assets/Scripts/_machal/UIComponent/Test/TestBattleManager.cs(28,88): warning CS0618: 'Object.FindObjectOfType<T>()' is obsolete: 'Object.FindObjectOfType has been deprecated. Use Object.FindFirstObjectByType instead or if finding any instance is acceptable the faster Object.FindAnyObjectByType'
Assets/Scripts/Stage/NodeContents/Event/Popup/StagePopupEventManager.cs(70,42): warning CS0618: 'Object.FindObjectOfType<T>()' is obsolete: 'Object.FindObjectOfType has been deprecated. Use Object.FindFirstObjectByType instead or if finding any instance is acceptable the faster Object.FindAnyObjectByType'
Assets/Scripts/Stage/NodeContents/Event/Popup/StagePopupEventManager.cs(91,42): warning CS0618: 'Object.FindObjectOfType<T>()' is obsolete: 'Object.FindObjectOfType has been deprecated. Use Object.FindFirstObjectByType instead or if finding any instance is acceptable the faster Object.FindAnyObjectByType'
Assets/Scripts/Stage/NodeContents/Event/Popup/StagePopupEventManager.cs(800,40): warning CS0618: 'Object.FindObjectOfType<T>()' is obsolete: 'Object.FindObjectOfType has been deprecated. Use Object.FindFirstObjectByType instead or if finding any instance is acceptable the faster Object.FindAnyObjectByType'
Assets/Scripts/_machal/UIComponent/Object/RelicInfoPanelView.cs(16,36): warning CS0414: The field 'RelicInfoPanelView.fadeDuration' is assigned but its value is never used
Assets/Scripts/Actor/Party/EvolutionMono.cs(35,36): warning CS0414: The field 'EvolutionMono.trustEvolveThreshold' is assigned but its value is never used
Assets/Scripts/Actor/Party/EvolutionMono.cs(44,35): warning CS0414: The field 'EvolutionMono.debugLog' is assigned but its value is never used
Assets/Scripts/Actor/Party/EvolutionMono.cs(23,36): warning CS0414: The field 'EvolutionMono.aggressionEvolveThreshold' is assigned but its value is never used
Assets/Scripts/Collection/StrategicSkill/UI/ItemStrategicSkillUI.cs(28,39): warning CS0414: The field 'ItemStrategicSkillUI.fixedZ' is assigned but its value is never used
Assets/Scripts/Ability/Skills/Projectiles/ProjectileVisual.cs(35,36): warning CS0414: The field 'ProjectileVisual.rainSpawnInterval' is assigned but its value is never used
Assets/Scripts/Ability/Skills/Tests/SkillTestMono.cs(22,36): warning CS0414: The field 'SkillTestMono.projectileLifetimeOverride' is assigned but its value is never used
Assets/Scripts/Collection/StrategicSkill/UI/ItemStrategicSkillUI.cs(29,40): warning CS0414: The field 'ItemStrategicSkillUI.spawnZ' is assigned but its value is never used
Assets/Scripts/Actor/Party/StateMono.cs(23,36): warning CS0414: The field 'StateMono.fearThreshold' is assigned but its value is never used
Assets/Scripts/Actor/Party/EvolutionMono.cs(29,36): warning CS0414: The field 'EvolutionMono.fearEvolveThreshold' is assigned but its value is never used
Assets/Scripts/Ability/Skills/Legacy/skill/ProjectileSkillSO.cs(27,35): warning CS0414: The field 'ProjectileSkill.ignoreSameRoot' is assigned but its value is never used
Assets/Scripts/Actor/Party/PartyManager.cs(19,40): warning CS0414: The field 'PartyManager.spacing' is assigned but its value is never used
Assets/Scripts/Actor/Party/SkillBrainMono.cs(55,21): warning CS0414: The field 'SkillBrainMono._roleVector' is assigned but its value is never used
Assets/Scripts/Actor/Party/EvolutionMono.cs(41,35): warning CS0414: The field 'EvolutionMono.evolveOnlyOnce' is assigned but its value is never used
Assets/Scripts/Actor/Party/StateMono.cs(24,36): warning CS0414: The field 'StateMono.trustThreshold' is assigned but its value is never used
Assets/Scripts/Actor/NPC/NpcPathing.cs(46,36): warning CS0414: The field 'NpcPathing.flyingDespawnBacktrackDistance' is assigned but its value is never used
Assets/Scripts/Actor/Party/StateMono.cs(22,36): warning CS0414: The field 'StateMono.aggressionThreshold' is assigned but its value is never used
